PHPUnit 11.5.50 by Sebastian Bergmann and contributors.

Runtime:       PHP 8.2.12
Configuration: C:\Dreatiesfx-Academy\backend\phpunit.xml

EEE                                                                 3 / 3 (100%)

Time: 00:01.532, Memory: 40.00 MB

There were 3 errors:

1) Tests\Feature\LiveSessionSyncTest::test_live_session_block_syncs_to_live_class_record
Illuminate\Database\QueryException: SQLSTATE[HY000]: General error: 1 table weeks has no column named number (Connection: sqlite, SQL: insert into "weeks" ("cohort_id", "week_number", "title", "description", "unlock_rules", "number", "updated_at", "created_at") values (1, 2, Week 4: voluptates nihil et, A saepe ipsa deserunt molestias ut sit voluptas. Voluptatem ea est quae aut blanditiis modi non., {"min_coins":299,"required_completions":{"topics":3,"quizzes":1,"assignments":0}}, 1, 2026-02-10 17:26:47, 2026-02-10 17:26:47))

C:\Dreatiesfx-Academy\backend\vendor\laravel\framework\src\Illuminate\Database\Connection.php:825
C:\Dreatiesfx-Academy\backend\vendor\laravel\framework\src\Illuminate\Database\Connection.php:779
C:\Dreatiesfx-Academy\backend\vendor\laravel\framework\src\Illuminate\Database\Connection.php:560
C:\Dreatiesfx-Academy\backend\vendor\laravel\framework\src\Illuminate\Database\Connection.php:524
C:\Dreatiesfx-Academy\backend\vendor\laravel\framework\src\Illuminate\Database\Query\Processors\Processor.php:32
C:\Dreatiesfx-Academy\backend\vendor\laravel\framework\src\Illuminate\Database\Query\Builder.php:3766
C:\Dreatiesfx-Academy\backend\vendor\laravel\framework\src\Illuminate\Database\Eloquent\Builder.php:2120
C:\Dreatiesfx-Academy\backend\vendor\laravel\framework\src\Illuminate\Database\Eloquent\Model.php:1359
C:\Dreatiesfx-Academy\backend\vendor\laravel\framework\src\Illuminate\Database\Eloquent\Model.php:1324
C:\Dreatiesfx-Academy\backend\vendor\laravel\framework\src\Illuminate\Database\Eloquent\Model.php:1163
C:\Dreatiesfx-Academy\backend\vendor\laravel\framework\src\Illuminate\Database\Eloquent\Factories\Factory.php:352
C:\Dreatiesfx-Academy\backend\vendor\laravel\framework\src\Illuminate\Collections\Traits\EnumeratesValues.php:261
C:\Dreatiesfx-Academy\backend\vendor\laravel\framework\src\Illuminate\Database\Eloquent\Factories\Factory.php:347
C:\Dreatiesfx-Academy\backend\vendor\laravel\framework\src\Illuminate\Database\Eloquent\Factories\Factory.php:303
C:\Dreatiesfx-Academy\backend\vendor\laravel\framework\src\Illuminate\Database\Eloquent\Factories\Factory.php:297
C:\Dreatiesfx-Academy\backend\tests\Feature\LiveSessionSyncTest.php:20

Caused by
PDOException: SQLSTATE[HY000]: General error: 1 table weeks has no column named number

C:\Dreatiesfx-Academy\backend\vendor\laravel\framework\src\Illuminate\Database\Connection.php:565
C:\Dreatiesfx-Academy\backend\vendor\laravel\framework\src\Illuminate\Database\Connection.php:812
C:\Dreatiesfx-Academy\backend\vendor\laravel\framework\src\Illuminate\Database\Connection.php:779
C:\Dreatiesfx-Academy\backend\vendor\laravel\framework\src\Illuminate\Database\Connection.php:560
C:\Dreatiesfx-Academy\backend\vendor\laravel\framework\src\Illuminate\Database\Connection.php:524
C:\Dreatiesfx-Academy\backend\vendor\laravel\framework\src\Illuminate\Database\Query\Processors\Processor.php:32
C:\Dreatiesfx-Academy\backend\vendor\laravel\framework\src\Illuminate\Database\Query\Builder.php:3766
C:\Dreatiesfx-Academy\backend\vendor\laravel\framework\src\Illuminate\Database\Eloquent\Builder.php:2120
C:\Dreatiesfx-Academy\backend\vendor\laravel\framework\src\Illuminate\Database\Eloquent\Model.php:1359
C:\Dreatiesfx-Academy\backend\vendor\laravel\framework\src\Illuminate\Database\Eloquent\Model.php:1324
C:\Dreatiesfx-Academy\backend\vendor\laravel\framework\src\Illuminate\Database\Eloquent\Model.php:1163
C:\Dreatiesfx-Academy\backend\vendor\laravel\framework\src\Illuminate\Database\Eloquent\Factories\Factory.php:352
C:\Dreatiesfx-Academy\backend\vendor\laravel\framework\src\Illuminate\Collections\Traits\EnumeratesValues.php:261
C:\Dreatiesfx-Academy\backend\vendor\laravel\framework\src\Illuminate\Database\Eloquent\Factories\Factory.php:347
C:\Dreatiesfx-Academy\backend\vendor\laravel\framework\src\Illuminate\Database\Eloquent\Factories\Factory.php:303
C:\Dreatiesfx-Academy\backend\vendor\laravel\framework\src\Illuminate\Database\Eloquent\Factories\Factory.php:297
C:\Dreatiesfx-Academy\backend\tests\Feature\LiveSessionSyncTest.php:20

2) Tests\Feature\LiveSessionSyncTest::test_updating_live_session_block_updates_live_class_record
Illuminate\Database\QueryException: SQLSTATE[HY000]: General error: 1 table weeks has no column named number (Connection: sqlite, SQL: insert into "weeks" ("cohort_id", "week_number", "title", "description", "unlock_rules", "number", "updated_at", "created_at") values (1, 6, Week 3: maiores nihil ullam, Voluptates velit et dolore. Molestiae mollitia corporis et voluptas. Accusantium rerum rerum architecto., {"min_coins":160,"required_completions":{"topics":8,"quizzes":2,"assignments":2}}, 1, 2026-02-10 17:26:48, 2026-02-10 17:26:48))

C:\Dreatiesfx-Academy\backend\vendor\laravel\framework\src\Illuminate\Database\Connection.php:825
C:\Dreatiesfx-Academy\backend\vendor\laravel\framework\src\Illuminate\Database\Connection.php:779
C:\Dreatiesfx-Academy\backend\vendor\laravel\framework\src\Illuminate\Database\Connection.php:560
C:\Dreatiesfx-Academy\backend\vendor\laravel\framework\src\Illuminate\Database\Connection.php:524
C:\Dreatiesfx-Academy\backend\vendor\laravel\framework\src\Illuminate\Database\Query\Processors\Processor.php:32
C:\Dreatiesfx-Academy\backend\vendor\laravel\framework\src\Illuminate\Database\Query\Builder.php:3766
C:\Dreatiesfx-Academy\backend\vendor\laravel\framework\src\Illuminate\Database\Eloquent\Builder.php:2120
C:\Dreatiesfx-Academy\backend\vendor\laravel\framework\src\Illuminate\Database\Eloquent\Model.php:1359
C:\Dreatiesfx-Academy\backend\vendor\laravel\framework\src\Illuminate\Database\Eloquent\Model.php:1324
C:\Dreatiesfx-Academy\backend\vendor\laravel\framework\src\Illuminate\Database\Eloquent\Model.php:1163
C:\Dreatiesfx-Academy\backend\vendor\laravel\framework\src\Illuminate\Database\Eloquent\Factories\Factory.php:352
C:\Dreatiesfx-Academy\backend\vendor\laravel\framework\src\Illuminate\Collections\Traits\EnumeratesValues.php:261
C:\Dreatiesfx-Academy\backend\vendor\laravel\framework\src\Illuminate\Database\Eloquent\Factories\Factory.php:347
C:\Dreatiesfx-Academy\backend\vendor\laravel\framework\src\Illuminate\Database\Eloquent\Factories\Factory.php:303
C:\Dreatiesfx-Academy\backend\vendor\laravel\framework\src\Illuminate\Database\Eloquent\Factories\Factory.php:297
C:\Dreatiesfx-Academy\backend\tests\Feature\LiveSessionSyncTest.php:65

Caused by
PDOException: SQLSTATE[HY000]: General error: 1 table weeks has no column named number

C:\Dreatiesfx-Academy\backend\vendor\laravel\framework\src\Illuminate\Database\Connection.php:565
C:\Dreatiesfx-Academy\backend\vendor\laravel\framework\src\Illuminate\Database\Connection.php:812
C:\Dreatiesfx-Academy\backend\vendor\laravel\framework\src\Illuminate\Database\Connection.php:779
C:\Dreatiesfx-Academy\backend\vendor\laravel\framework\src\Illuminate\Database\Connection.php:560
C:\Dreatiesfx-Academy\backend\vendor\laravel\framework\src\Illuminate\Database\Connection.php:524
C:\Dreatiesfx-Academy\backend\vendor\laravel\framework\src\Illuminate\Database\Query\Processors\Processor.php:32
C:\Dreatiesfx-Academy\backend\vendor\laravel\framework\src\Illuminate\Database\Query\Builder.php:3766
C:\Dreatiesfx-Academy\backend\vendor\laravel\framework\src\Illuminate\Database\Eloquent\Builder.php:2120
C:\Dreatiesfx-Academy\backend\vendor\laravel\framework\src\Illuminate\Database\Eloquent\Model.php:1359
C:\Dreatiesfx-Academy\backend\vendor\laravel\framework\src\Illuminate\Database\Eloquent\Model.php:1324
C:\Dreatiesfx-Academy\backend\vendor\laravel\framework\src\Illuminate\Database\Eloquent\Model.php:1163
C:\Dreatiesfx-Academy\backend\vendor\laravel\framework\src\Illuminate\Database\Eloquent\Factories\Factory.php:352
C:\Dreatiesfx-Academy\backend\vendor\laravel\framework\src\Illuminate\Collections\Traits\EnumeratesValues.php:261
C:\Dreatiesfx-Academy\backend\vendor\laravel\framework\src\Illuminate\Database\Eloquent\Factories\Factory.php:347
C:\Dreatiesfx-Academy\backend\vendor\laravel\framework\src\Illuminate\Database\Eloquent\Factories\Factory.php:303
C:\Dreatiesfx-Academy\backend\vendor\laravel\framework\src\Illuminate\Database\Eloquent\Factories\Factory.php:297
C:\Dreatiesfx-Academy\backend\tests\Feature\LiveSessionSyncTest.php:65

3) Tests\Feature\LiveSessionSyncTest::test_student_can_attend_live_class
InvalidArgumentException: Auth guard [api] is not defined.

C:\Dreatiesfx-Academy\backend\vendor\laravel\framework\src\Illuminate\Auth\AuthManager.php:86
C:\Dreatiesfx-Academy\backend\vendor\laravel\framework\src\Illuminate\Auth\AuthManager.php:70
C:\Dreatiesfx-Academy\backend\vendor\laravel\framework\src\Illuminate\Foundation\Testing\Concerns\InteractsWithAuthentication.php:34
C:\Dreatiesfx-Academy\backend\vendor\laravel\framework\src\Illuminate\Foundation\Testing\Concerns\InteractsWithAuthentication.php:18
C:\Dreatiesfx-Academy\backend\tests\Feature\LiveSessionSyncTest.php:123

ERRORS!
Tests: 3, Assertions: 0, Errors: 3.
